--- SESSION START ---
=== SPWN-1 FLIGHT SOFTWARE v2.0 ===
Connected to encrypted telemetry processing system
Commands: status, telemetry <parameter>, calculate <expression>, help, quit

> CMD: telemetry config
Querying telemetry for: config
> 
CMD: calculate config+0
Result: > 
CMD: telemetry auth_status
Querying telemetry for: auth_status
> 
CMD: calculate auth_status+0
Result: > 
CMD: telemetry key_rotation
Querying telemetry for: key_rotation
> 
CMD: calculate key_rotation+0
Result: > 
CMD: telemetry satellite_status
Querying telemetry for: satellite_status
> 
CMD: calculate satellite_status+0
Result: > 
CMD: telemetry /etc/satellite_0
Querying telemetry for: /etc/satellite_0
> 
CMD: telemetry /etc/satellite_0/config
Querying telemetry for: /etc/satellite_0/config
> 
CMD: telemetry /etc/satellite_0/auth_status
Querying telemetry for: /etc/satellite_0/auth_status
> 
CMD: calculate /etc/satellite_0/config+0
Result: > 
CMD: calculate /etc/satellite_0/auth_status+0
Result: > 
CMD: telemetry /etc/satellite_1
Querying telemetry for: /etc/satellite_1
> 
CMD: telemetry /etc/satellite_1/config
Querying telemetry for: /etc/satellite_1/config
> 
CMD: telemetry /etc/satellite_1/auth_status
Querying telemetry for: /etc/satellite_1/auth_status
> 
CMD: calculate /etc/satellite_1/config+0
Result: > 
CMD: calculate /etc/satellite_1/auth_status+0
Result: > 
CMD: telemetry /etc/satellite_2
Querying telemetry for: /etc/satellite_2
> 
CMD: telemetry /etc/satellite_2/config
Querying telemetry for: /etc/satellite_2/config
> 
CMD: telemetry /etc/satellite_2/auth_status
Querying telemetry for: /etc/satellite_2/auth_status
> 
CMD: calculate /etc/satellite_2/config+0
Result: > 
CMD: calculate /etc/satellite_2/auth_status+0
Result: > 
CMD: telemetry /etc/satellite_3
Querying telemetry for: /etc/satellite_3
> 
CMD: telemetry /etc/satellite_3/config
Querying telemetry for: /etc/satellite_3/config
> 
CMD: telemetry /etc/satellite_3/auth_status
Querying telemetry for: /etc/satellite_3/auth_status
> 
CMD: calculate /etc/satellite_3/config+0
Result: > 
CMD: calculate /etc/satellite_3/auth_status+0
Result: > 
CMD: telemetry /etc/satellite_4
Querying telemetry for: /etc/satellite_4
> 
CMD: telemetry /etc/satellite_4/config
Querying telemetry for: /etc/satellite_4/config
> 
CMD: telemetry /etc/satellite_4/auth_status
Querying telemetry for: /etc/satellite_4/auth_status
> 
CMD: calculate /etc/satellite_4/config+0
Result: > 
CMD: calculate /etc/satellite_4/auth_status+0
Result: > 
CMD: telemetry /etc/satellite_5
Querying telemetry for: /etc/satellite_5
> 
CMD: telemetry /etc/satellite_5/config
Querying telemetry for: /etc/satellite_5/config
> 
CMD: telemetry /etc/satellite_5/auth_status
Querying telemetry for: /etc/satellite_5/auth_status
> 
CMD: calculate /etc/satellite_5/config+0
Result: > 
CMD: calculate /etc/satellite_5/auth_status+0
Result: > 
CMD: telemetry /etc/satellite_6
Querying telemetry for: /etc/satellite_6
> 
CMD: telemetry /etc/satellite_6/config
Querying telemetry for: /etc/satellite_6/config
> 
CMD: telemetry /etc/satellite_6/auth_status
Querying telemetry for: /etc/satellite_6/auth_status
> 
CMD: calculate /etc/satellite_6/config+0
Result: > 
CMD: calculate /etc/satellite_6/auth_status+0
Result: > 
CMD: telemetry /etc/satellite_7
Querying telemetry for: /etc/satellite_7
> 
CMD: telemetry /etc/satellite_7/config
Querying telemetry for: /etc/satellite_7/config
> 
CMD: telemetry /etc/satellite_7/auth_status
Querying telemetry for: /etc/satellite_7/auth_status
> 
CMD: calculate /etc/satellite_7/config+0
Result: > 
CMD: calculate /etc/satellite_7/auth_status+0
Result: > 
CMD: telemetry /etc/satellite_8
Querying telemetry for: /etc/satellite_8
> 
CMD: telemetry /etc/satellite_8/config
Querying telemetry for: /etc/satellite_8/config
> 
CMD: telemetry /etc/satellite_8/auth_status
Querying telemetry for: /etc/satellite_8/auth_status
> 
CMD: calculate /etc/satellite_8/config+0
Result: > 
CMD: calculate /etc/satellite_8/auth_status+0
Result: > 
CMD: telemetry /etc/satellite_9
Querying telemetry for: /etc/satellite_9
> 
CMD: telemetry /etc/satellite_9/config
Querying telemetry for: /etc/satellite_9/config
> 
CMD: telemetry /etc/satellite_9/auth_status
Querying telemetry for: /etc/satellite_9/auth_status
> 
CMD: calculate /etc/satellite_9/config+0
Result: > 
CMD: calculate /etc/satellite_9/auth_status+0
Result: > 
CMD: telemetry /etc/satellite_10
Querying telemetry for: /etc/satellite_10
> 
CMD: telemetry /etc/satellite_10/config
Querying telemetry for: /etc/satellite_10/config
> 
CMD: telemetry /etc/satellite_10/auth_status
Querying telemetry for: /etc/satellite_10/auth_status
> 
CMD: calculate /etc/satellite_10/config+0
Result: > 
CMD: calculate /etc/satellite_10/auth_status+0
Result: > 
CMD: telemetry /etc/satellite_11
Querying telemetry for: /etc/satellite_11
> 
CMD: telemetry /etc/satellite_11/config
Querying telemetry for: /etc/satellite_11/config
> 
CMD: telemetry /etc/satellite_11/auth_status
Querying telemetry for: /etc/satellite_11/auth_status
> 
CMD: calculate /etc/satellite_11/config+0
Result: > 
CMD: calculate /etc/satellite_11/auth_status+0
Result: > 
CMD: telemetry /etc/satellite_12
Querying telemetry for: /etc/satellite_12
> 
CMD: telemetry /etc/satellite_12/config
Querying telemetry for: /etc/satellite_12/config
> 
CMD: telemetry /etc/satellite_12/auth_status
Querying telemetry for: /etc/satellite_12/auth_status
> 
CMD: calculate /etc/satellite_12/config+0
Result: > 
CMD: calculate /etc/satellite_12/auth_status+0
Result: > 
CMD: telemetry /etc/satellite_13
Querying telemetry for: /etc/satellite_13
> 
CMD: telemetry /etc/satellite_13/config
Querying telemetry for: /etc/satellite_13/config
> 
CMD: telemetry /etc/satellite_13/auth_status
Querying telemetry for: /etc/satellite_13/auth_status
> 
CMD: calculate /etc/satellite_13/config+0
Result: > 
CMD: calculate /etc/satellite_13/auth_status+0
Result: > 
CMD: telemetry /etc/satellite_14
Querying telemetry for: /etc/satellite_14
> 
CMD: telemetry /etc/satellite_14/config
Querying telemetry for: /etc/satellite_14/config
> 
CMD: telemetry /etc/satellite_14/auth_status
Querying telemetry for: /etc/satellite_14/auth_status
> 
CMD: calculate /etc/satellite_14/config+0
Result: > 
CMD: calculate /etc/satellite_14/auth_status+0
Result: > 
CMD: telemetry /etc/satellite_15
Querying telemetry for: /etc/satellite_15
> 
CMD: telemetry /etc/satellite_15/config
Querying telemetry for: /etc/satellite_15/config
> 
CMD: telemetry /etc/satellite_15/auth_status
Querying telemetry for: /etc/satellite_15/auth_status
> 
CMD: calculate /etc/satellite_15/config+0
Result: > 
CMD: calculate /etc/satellite_15/auth_status+0
Result: > 
CMD: telemetry /etc/satellite_16
Querying telemetry for: /etc/satellite_16
> 
CMD: telemetry /etc/satellite_16/config
Querying telemetry for: /etc/satellite_16/config
> 
CMD: telemetry /etc/satellite_16/auth_status
Querying telemetry for: /etc/satellite_16/auth_status
> 
CMD: calculate /etc/satellite_16/config+0
Result: > 
CMD: calculate /etc/satellite_16/auth_status+0
Result: > 
CMD: telemetry /etc/satellite_17
Querying telemetry for: /etc/satellite_17
> 
CMD: telemetry /etc/satellite_17/config
Querying telemetry for: /etc/satellite_17/config
> 
CMD: telemetry /etc/satellite_17/auth_status
Querying telemetry for: /etc/satellite_17/auth_status
> 
CMD: calculate /etc/satellite_17/config+0
Result: > 
CMD: calculate /etc/satellite_17/auth_status+0
Result: > 
CMD: telemetry /etc/satellite_18
Querying telemetry for: /etc/satellite_18
> 
CMD: telemetry /etc/satellite_18/config
Querying telemetry for: /etc/satellite_18/config
> 
CMD: telemetry /etc/satellite_18/auth_status
Querying telemetry for: /etc/satellite_18/auth_status
> 
CMD: calculate /etc/satellite_18/config+0
Result: > 
CMD: calculate /etc/satellite_18/auth_status+0
Result: > 
CMD: telemetry /etc/satellite_19
Querying telemetry for: /etc/satellite_19
> 
CMD: telemetry /etc/satellite_19/config
Querying telemetry for: /etc/satellite_19/config
> 
CMD: telemetry /etc/satellite_19/auth_status
Querying telemetry for: /etc/satellite_19/auth_status
> 
CMD: calculate /etc/satellite_19/config+0
Result: > 
CMD: calculate /etc/satellite_19/auth_status+0
Result: > 
CMD: telemetry /etc/satellite_20
Querying telemetry for: /etc/satellite_20
> 
CMD: telemetry /etc/satellite_20/config
Querying telemetry for: /etc/satellite_20/config
> 
CMD: telemetry /etc/satellite_20/auth_status
Querying telemetry for: /etc/satellite_20/auth_status
> 
CMD: calculate /etc/satellite_20/config+0
Result: > 
CMD: calculate /etc/satellite_20/auth_status+0
Result: > 
CMD: telemetry /etc/satellite_21
Querying telemetry for: /etc/satellite_21
> 
CMD: telemetry /etc/satellite_21/config
Querying telemetry for: /etc/satellite_21/config
> 
CMD: telemetry /etc/satellite_21/auth_status
Querying telemetry for: /etc/satellite_21/auth_status
> 
CMD: calculate /etc/satellite_21/config+0
Result: > 
CMD: calculate /etc/satellite_21/auth_status+0
Result: > 
CMD: telemetry /etc/satellite_22
Querying telemetry for: /etc/satellite_22
> 
CMD: telemetry /etc/satellite_22/config
Querying telemetry for: /etc/satellite_22/config
> 
CMD: telemetry /etc/satellite_22/auth_status
Querying telemetry for: /etc/satellite_22/auth_status
> 
CMD: calculate /etc/satellite_22/config+0
Result: > 
CMD: calculate /etc/satellite_22/auth_status+0
Result: > 
CMD: telemetry /etc/satellite_23
Querying telemetry for: /etc/satellite_23
> 
CMD: telemetry /etc/satellite_23/config
Querying telemetry for: /etc/satellite_23/config
> 
CMD: telemetry /etc/satellite_23/auth_status
Querying telemetry for: /etc/satellite_23/auth_status
> 
CMD: calculate /etc/satellite_23/config+0
Result: > 
CMD: calculate /etc/satellite_23/auth_status+0
Result: > 
CMD: telemetry /etc/satellite_24
Querying telemetry for: /etc/satellite_24
> 
CMD: telemetry /etc/satellite_24/config
Querying telemetry for: /etc/satellite_24/config
> 
CMD: telemetry /etc/satellite_24/auth_status
Querying telemetry for: /etc/satellite_24/auth_status
> 
CMD: calculate /etc/satellite_24/config+0
Result: > 
CMD: calculate /etc/satellite_24/auth_status+0
Result: > 
CMD: telemetry /etc/satellite_25
Querying telemetry for: /etc/satellite_25
> 
CMD: telemetry /etc/satellite_25/config
Querying telemetry for: /etc/satellite_25/config
> 
CMD: telemetry /etc/satellite_25/auth_status
Querying telemetry for: /etc/satellite_25/auth_status
> 
CMD: calculate /etc/satellite_25/config+0
Result: > 
CMD: calculate /etc/satellite_25/auth_status+0
Result: > 
CMD: telemetry /etc/satellite_26
Querying telemetry for: /etc/satellite_26
> 
CMD: telemetry /etc/satellite_26/config
Querying telemetry for: /etc/satellite_26/config
> 
CMD: telemetry /etc/satellite_26/auth_status
Querying telemetry for: /etc/satellite_26/auth_status
> 
CMD: calculate /etc/satellite_26/config+0
Result: > 
CMD: calculate /etc/satellite_26/auth_status+0
Result: > 
CMD: telemetry /etc/satellite_27
Querying telemetry for: /etc/satellite_27
> 
CMD: telemetry /etc/satellite_27/config
Querying telemetry for: /etc/satellite_27/config
> 
CMD: telemetry /etc/satellite_27/auth_status
Querying telemetry for: /etc/satellite_27/auth_status
> 
CMD: calculate /etc/satellite_27/config+0
Result: > 
CMD: calculate /etc/satellite_27/auth_status+0
Result: > 
CMD: telemetry /etc/satellite_28
Querying telemetry for: /etc/satellite_28
> 
CMD: telemetry /etc/satellite_28/config
Querying telemetry for: /etc/satellite_28/config
> 
CMD: telemetry /etc/satellite_28/auth_status
Querying telemetry for: /etc/satellite_28/auth_status
> 
CMD: calculate /etc/satellite_28/config+0
Result: > 
CMD: calculate /etc/satellite_28/auth_status+0
Result: > 
CMD: telemetry /etc/satellite_29
Querying telemetry for: /etc/satellite_29
> 
CMD: telemetry /etc/satellite_29/config
Querying telemetry for: /etc/satellite_29/config
> 
CMD: telemetry /etc/satellite_29/auth_status
Querying telemetry for: /etc/satellite_29/auth_status
> 
CMD: calculate /etc/satellite_29/config+0
Result: > 
CMD: calculate /etc/satellite_29/auth_status+0
Result: > 
CMD: telemetry /etc/satellite_30
Querying telemetry for: /etc/satellite_30
> 
CMD: telemetry /etc/satellite_30/config
Querying telemetry for: /etc/satellite_30/config
> 
CMD: telemetry /etc/satellite_30/auth_status
Querying telemetry for: /etc/satellite_30/auth_status
> 
CMD: calculate /etc/satellite_30/config+0
Result: > 
CMD: calculate /etc/satellite_30/auth_status+0
Result: > 
CMD: calculate key_rotation+0
Result: > 
CMD: telemetry /etc/satellite_0
Querying telemetry for: /etc/satellite_0
> 
CMD: telemetry /etc/satellite_0/config
Querying telemetry for: /etc/satellite_0/config
> 
CMD: telemetry /etc/satellite_0/auth_status
Querying telemetry for: /etc/satellite_0/auth_status
> 
CMD: calculate /etc/satellite_0/config+0
Result: > 
CMD: calculate /etc/satellite_0/auth_status+0
Result: > 
CMD: calculate key_rotation+0
Result: > 
CMD: telemetry /etc/satellite_1
Querying telemetry for: /etc/satellite_1
> 
CMD: telemetry /etc/satellite_1/config
Querying telemetry for: /etc/satellite_1/config
> 
CMD: telemetry /etc/satellite_1/auth_status
Querying telemetry for: /etc/satellite_1/auth_status
> 
CMD: calculate /etc/satellite_1/config+0
Result: > 
CMD: calculate /etc/satellite_1/auth_status+0
Result: > 
CMD: calculate key_rotation+0
Result: > 
CMD: telemetry /etc/satellite_2
Querying telemetry for: /etc/satellite_2
> 
CMD: telemetry /etc/satellite_2/config
Querying telemetry for: /etc/satellite_2/config
> 
CMD: telemetry /etc/satellite_2/auth_status
Querying telemetry for: /etc/satellite_2/auth_status
> 
CMD: calculate /etc/satellite_2/config+0
Result: > 
CMD: calculate /etc/satellite_2/auth_status+0
Result: > 
CMD: calculate key_rotation+0
Result: > 
CMD: telemetry /etc/satellite_3
Querying telemetry for: /etc/satellite_3
> 
CMD: telemetry /etc/satellite_3/config
Querying telemetry for: /etc/satellite_3/config
> 
CMD: telemetry /etc/satellite_3/auth_status
Querying telemetry for: /etc/satellite_3/auth_status
> 
CMD: calculate /etc/satellite_3/config+0
Result: > 
CMD: calculate /etc/satellite_3/auth_status+0
Result: > 
CMD: calculate key_rotation+0
Result: > 
CMD: telemetry /etc/satellite_4
Querying telemetry for: /etc/satellite_4
> 
CMD: telemetry /etc/satellite_4/config
Querying telemetry for: /etc/satellite_4/config
> 
CMD: telemetry /etc/satellite_4/auth_status
Querying telemetry for: /etc/satellite_4/auth_status
> 
CMD: calculate /etc/satellite_4/config+0
Result: > 
CMD: calculate /etc/satellite_4/auth_status+0
Result: > 
CMD: calculate key_rotation+0
Result: > 
CMD: telemetry /etc/satellite_5
Querying telemetry for: /etc/satellite_5
> 
CMD: telemetry /etc/satellite_5/config
Querying telemetry for: /etc/satellite_5/config
> 
CMD: telemetry /etc/satellite_5/auth_status
Querying telemetry for: /etc/satellite_5/auth_status
> 
CMD: calculate /etc/satellite_5/config+0
Result: > 
CMD: calculate /etc/satellite_5/auth_status+0
Result: > 
CMD: calculate key_rotation+0
Result: > 
CMD: telemetry /etc/satellite_6
Querying telemetry for: /etc/satellite_6
> 
CMD: telemetry /etc/satellite_6/config
Querying telemetry for: /etc/satellite_6/config
> 
CMD: telemetry /etc/satellite_6/auth_status
Querying telemetry for: /etc/satellite_6/auth_status
> 
CMD: calculate /etc/satellite_6/config+0
Result: > 
CMD: calculate /etc/satellite_6/auth_status+0
Result: > 
CMD: calculate key_rotation+0
Result: > 
CMD: telemetry /etc/satellite_7
Querying telemetry for: /etc/satellite_7
> 
CMD: telemetry /etc/satellite_7/config
Querying telemetry for: /etc/satellite_7/config
> 
CMD: telemetry /etc/satellite_7/auth_status
Querying telemetry for: /etc/satellite_7/auth_status
> 
CMD: calculate /etc/satellite_7/config+0
Result: > 
CMD: calculate /etc/satellite_7/auth_status+0
Result: > 
CMD: calculate key_rotation+0
Result: > 
CMD: telemetry /etc/satellite_8
Querying telemetry for: /etc/satellite_8
> 
CMD: telemetry /etc/satellite_8/config
Querying telemetry for: /etc/satellite_8/config
> 
CMD: telemetry /etc/satellite_8/auth_status
Querying telemetry for: /etc/satellite_8/auth_status
> 
CMD: calculate /etc/satellite_8/config+0
Result: > 
CMD: calculate /etc/satellite_8/auth_status+0
Result: > 
CMD: calculate key_rotation+0
Result: > 
CMD: telemetry /etc/satellite_9
Querying telemetry for: /etc/satellite_9
> 
CMD: telemetry /etc/satellite_9/config
Querying telemetry for: /etc/satellite_9/config
> 
CMD: telemetry /etc/satellite_9/auth_status
Querying telemetry for: /etc/satellite_9/auth_status
> 
CMD: calculate /etc/satellite_9/config+0
Result: > 
CMD: calculate /etc/satellite_9/auth_status+0
Result: > 
CMD: calculate key_rotation+0
Result: > 
CMD: telemetry /etc/satellite_10
Querying telemetry for: /etc/satellite_10
> 
CMD: telemetry /etc/satellite_10/config
Querying telemetry for: /etc/satellite_10/config
> 
CMD: telemetry /etc/satellite_10/auth_status
Querying telemetry for: /etc/satellite_10/auth_status
> 
CMD: calculate /etc/satellite_10/config+0
Result: > 
CMD: calculate /etc/satellite_10/auth_status+0
Result: > 
CMD: calculate key_rotation+0
Result: > 
CMD: telemetry /etc/satellite_11
Querying telemetry for: /etc/satellite_11
> 
CMD: telemetry /etc/satellite_11/config
Querying telemetry for: /etc/satellite_11/config
> 
CMD: telemetry /etc/satellite_11/auth_status
Querying telemetry for: /etc/satellite_11/auth_status
> 
CMD: calculate /etc/satellite_11/config+0
Result: > 
CMD: calculate /etc/satellite_11/auth_status+0
Result: > 
CMD: calculate key_rotation+0
Result: > 
CMD: telemetry /etc/satellite_12
Querying telemetry for: /etc/satellite_12
> 
CMD: telemetry /etc/satellite_12/config
Querying telemetry for: /etc/satellite_12/config
> 
CMD: telemetry /etc/satellite_12/auth_status
Querying telemetry for: /etc/satellite_12/auth_status
> 
CMD: calculate /etc/satellite_12/config+0
Result: > 
CMD: calculate /etc/satellite_12/auth_status+0
Result: > 
CMD: calculate key_rotation+0
Result: > 
CMD: telemetry /etc/satellite_13
Querying telemetry for: /etc/satellite_13
> 
CMD: telemetry /etc/satellite_13/config
Querying telemetry for: /etc/satellite_13/config
> 
CMD: telemetry /etc/satellite_13/auth_status
Querying telemetry for: /etc/satellite_13/auth_status
> 
CMD: calculate /etc/satellite_13/config+0
Result: > 
CMD: calculate /etc/satellite_13/auth_status+0
Result: > 
CMD: calculate key_rotation+0
Result: > 
CMD: telemetry /etc/satellite_14
Querying telemetry for: /etc/satellite_14
> 
CMD: telemetry /etc/satellite_14/config
Querying telemetry for: /etc/satellite_14/config
> 
CMD: telemetry /etc/satellite_14/auth_status
Querying telemetry for: /etc/satellite_14/auth_status
> 
CMD: calculate /etc/satellite_14/config+0
Result: > 
CMD: calculate /etc/satellite_14/auth_status+0
Result: > 
CMD: calculate key_rotation+0
Result: > 
CMD: telemetry /etc/satellite_15
Querying telemetry for: /etc/satellite_15
> 
CMD: telemetry /etc/satellite_15/config
Querying telemetry for: /etc/satellite_15/config
> 
CMD: telemetry /etc/satellite_15/auth_status
Querying telemetry for: /etc/satellite_15/auth_status
> 
CMD: calculate /etc/satellite_15/config+0
Result: > 
CMD: calculate /etc/satellite_15/auth_status+0
Result: > 
CMD: calculate key_rotation+0
Result: > 
CMD: telemetry /etc/satellite_16
Querying telemetry for: /etc/satellite_16
> 
CMD: telemetry /etc/satellite_16/config
Querying telemetry for: /etc/satellite_16/config
> 
CMD: telemetry /etc/satellite_16/auth_status
Querying telemetry for: /etc/satellite_16/auth_status
> 
CMD: calculate /etc/satellite_16/config+0
Result: > 
CMD: calculate /etc/satellite_16/auth_status+0
Result: > 
CMD: calculate key_rotation+0
Result: > 
CMD: telemetry /etc/satellite_17
Querying telemetry for: /etc/satellite_17
> 
CMD: telemetry /etc/satellite_17/config
Querying telemetry for: /etc/satellite_17/config
> 
CMD: telemetry /etc/satellite_17/auth_status
Querying telemetry for: /etc/satellite_17/auth_status
> 
CMD: calculate /etc/satellite_17/config+0
Result: > 
CMD: calculate /etc/satellite_17/auth_status+0
Result: > 
CMD: calculate key_rotation+0
Result: > 
CMD: telemetry /etc/satellite_18
Querying telemetry for: /etc/satellite_18
> 
CMD: telemetry /etc/satellite_18/config
Querying telemetry for: /etc/satellite_18/config
> 
CMD: telemetry /etc/satellite_18/auth_status
Querying telemetry for: /etc/satellite_18/auth_status
> 
CMD: calculate /etc/satellite_18/config+0
Result: > 
CMD: calculate /etc/satellite_18/auth_status+0
Result: > 
CMD: calculate key_rotation+0
Result: > 
CMD: telemetry /etc/satellite_19
Querying telemetry for: /etc/satellite_19
> 
CMD: telemetry /etc/satellite_19/config
Querying telemetry for: /etc/satellite_19/config
> 
CMD: telemetry /etc/satellite_19/auth_status
Querying telemetry for: /etc/satellite_19/auth_status
> 
CMD: calculate /etc/satellite_19/config+0
Result: > 
CMD: calculate /etc/satellite_19/auth_status+0
Result: > 
CMD: calculate key_rotation+0
Result: > 
CMD: telemetry /etc/satellite_20
Querying telemetry for: /etc/satellite_20
> 
CMD: telemetry /etc/satellite_20/config
Querying telemetry for: /etc/satellite_20/config
> 
CMD: telemetry /etc/satellite_20/auth_status
Querying telemetry for: /etc/satellite_20/auth_status
> 
CMD: calculate /etc/satellite_20/config+0
Result: > 
CMD: calculate /etc/satellite_20/auth_status+0
Result: > 
CMD: calculate key_rotation+0
Result: > 
CMD: telemetry /etc/satellite_21
Querying telemetry for: /etc/satellite_21
> 
CMD: telemetry /etc/satellite_21/config
Querying telemetry for: /etc/satellite_21/config
> 
CMD: telemetry /etc/satellite_21/auth_status
Querying telemetry for: /etc/satellite_21/auth_status
> 
CMD: calculate /etc/satellite_21/config+0
Result: > 
CMD: calculate /etc/satellite_21/auth_status+0
Result: > 
CMD: calculate key_rotation+0
Result: > 
CMD: telemetry /etc/satellite_22
Querying telemetry for: /etc/satellite_22
> 
CMD: telemetry /etc/satellite_22/config
Querying telemetry for: /etc/satellite_22/config
> 
CMD: telemetry /etc/satellite_22/auth_status
Querying telemetry for: /etc/satellite_22/auth_status
> 
CMD: calculate /etc/satellite_22/config+0
Result: > 
CMD: calculate /etc/satellite_22/auth_status+0
Result: > 
CMD: calculate key_rotation+0
Result: > 
CMD: telemetry /etc/satellite_23
Querying telemetry for: /etc/satellite_23
> 
CMD: telemetry /etc/satellite_23/config
Querying telemetry for: /etc/satellite_23/config
> 
CMD: telemetry /etc/satellite_23/auth_status
Querying telemetry for: /etc/satellite_23/auth_status
> 
CMD: calculate /etc/satellite_23/config+0
Result: > 
CMD: calculate /etc/satellite_23/auth_status+0
Result: > 
CMD: calculate key_rotation+0
Result: > 
CMD: telemetry /etc/satellite_24
Querying telemetry for: /etc/satellite_24
> 
CMD: telemetry /etc/satellite_24/config
Querying telemetry for: /etc/satellite_24/config
> 
CMD: telemetry /etc/satellite_24/auth_status
Querying telemetry for: /etc/satellite_24/auth_status
> 
CMD: calculate /etc/satellite_24/config+0
Result: > 
CMD: calculate /etc/satellite_24/auth_status+0
Result: > 
CMD: calculate key_rotation+0
Result: > 
CMD: telemetry /etc/satellite_25
Querying telemetry for: /etc/satellite_25
> 
CMD: telemetry /etc/satellite_25/config
Querying telemetry for: /etc/satellite_25/config
> 
CMD: telemetry /etc/satellite_25/auth_status
Querying telemetry for: /etc/satellite_25/auth_status
> 
CMD: calculate /etc/satellite_25/config+0
Result: > 
CMD: calculate /etc/satellite_25/auth_status+0
Result: > 
CMD: calculate key_rotation+0
Result: > 
CMD: telemetry /etc/satellite_26
Querying telemetry for: /etc/satellite_26
> 
CMD: telemetry /etc/satellite_26/config
Querying telemetry for: /etc/satellite_26/config
> 
CMD: telemetry /etc/satellite_26/auth_status
Querying telemetry for: /etc/satellite_26/auth_status
> 
CMD: calculate /etc/satellite_26/config+0
Result: > 
CMD: calculate /etc/satellite_26/auth_status+0
Result: > 
CMD: calculate key_rotation+0
Result: > 
CMD: telemetry /etc/satellite_27
Querying telemetry for: /etc/satellite_27
> 
CMD: telemetry /etc/satellite_27/config
Querying telemetry for: /etc/satellite_27/config
> 
CMD: telemetry /etc/satellite_27/auth_status
Querying telemetry for: /etc/satellite_27/auth_status
> 
CMD: calculate /etc/satellite_27/config+0
Result: > 
CMD: calculate /etc/satellite_27/auth_status+0
Result: > 
CMD: calculate key_rotation+0
Result: > 
CMD: telemetry /etc/satellite_28
Querying telemetry for: /etc/satellite_28
> 
CMD: telemetry /etc/satellite_28/config
Querying telemetry for: /etc/satellite_28/config
> 
CMD: telemetry /etc/satellite_28/auth_status
Querying telemetry for: /etc/satellite_28/auth_status
> 
CMD: calculate /etc/satellite_28/config+0
Result: > 
CMD: calculate /etc/satellite_28/auth_status+0
Result: > 
CMD: calculate key_rotation+0
Result: > 
CMD: telemetry /etc/satellite_29
Querying telemetry for: /etc/satellite_29
> 
CMD: telemetry /etc/satellite_29/config
Querying telemetry for: /etc/satellite_29/config
> 
CMD: telemetry /etc/satellite_29/auth_status
Querying telemetry for: /etc/satellite_29/auth_status
> 
CMD: calculate /etc/satellite_29/config+0
Result: > 
CMD: calculate /etc/satellite_29/auth_status+0
Result: > 
CMD: calculate key_rotation+0
Result: > 
CMD: telemetry /etc/satellite_30
Querying telemetry for: /etc/satellite_30
> 
CMD: telemetry /etc/satellite_30/config
Querying telemetry for: /etc/satellite_30/config
> 
CMD: telemetry /etc/satellite_30/auth_status
Querying telemetry for: /etc/satellite_30/auth_status
> 
CMD: calculate /etc/satellite_30/config+0
Result: > 
CMD: calculate /etc/satellite_30/auth_status+0
Result: > 
CMD: calculate auth_status+0
Result: > 
CMD: telemetry /etc/satellite_0
Querying telemetry for: /etc/satellite_0
> 
CMD: telemetry /etc/satellite_0/config
Querying telemetry for: /etc/satellite_0/config
> 
CMD: telemetry /etc/satellite_0/auth_status
Querying telemetry for: /etc/satellite_0/auth_status
> 
CMD: calculate /etc/satellite_0/config+0
Result: > 
CMD: calculate /etc/satellite_0/auth_status+0
Result: > 
CMD: calculate auth_status+0
Result: > 
CMD: telemetry /etc/satellite_1
Querying telemetry for: /etc/satellite_1
> 
CMD: telemetry /etc/satellite_1/config
Querying telemetry for: /etc/satellite_1/config
> 
CMD: telemetry /etc/satellite_1/auth_status
Querying telemetry for: /etc/satellite_1/auth_status
> 
CMD: calculate /etc/satellite_1/config+0
Result: > 
CMD: calculate /etc/satellite_1/auth_status+0
Result: > 
CMD: calculate auth_status+0
Result: > 
CMD: telemetry /etc/satellite_2
Querying telemetry for: /etc/satellite_2
> 
CMD: telemetry /etc/satellite_2/config
Querying telemetry for: /etc/satellite_2/config
> 
CMD: telemetry /etc/satellite_2/auth_status
Querying telemetry for: /etc/satellite_2/auth_status
> 
CMD: calculate /etc/satellite_2/config+0
Result: > 
CMD: calculate /etc/satellite_2/auth_status+0
Result: > 
CMD: calculate auth_status+0
Result: > 
CMD: telemetry /etc/satellite_3
Querying telemetry for: /etc/satellite_3
> 
CMD: telemetry /etc/satellite_3/config
Querying telemetry for: /etc/satellite_3/config
> 
CMD: telemetry /etc/satellite_3/auth_status
Querying telemetry for: /etc/satellite_3/auth_status
> 
CMD: calculate /etc/satellite_3/config+0
Result: > 
CMD: calculate /etc/satellite_3/auth_status+0
Result: > 
CMD: calculate auth_status+0
Result: > 
CMD: telemetry /etc/satellite_4
Querying telemetry for: /etc/satellite_4
> 
CMD: telemetry /etc/satellite_4/config
Querying telemetry for: /etc/satellite_4/config
> 
CMD: telemetry /etc/satellite_4/auth_status
Querying telemetry for: /etc/satellite_4/auth_status
> 
CMD: calculate /etc/satellite_4/config+0
Result: > 
CMD: calculate /etc/satellite_4/auth_status+0
Result: > 
CMD: calculate auth_status+0
Result: > 
CMD: telemetry /etc/satellite_5
Querying telemetry for: /etc/satellite_5
> 
CMD: telemetry /etc/satellite_5/config
Querying telemetry for: /etc/satellite_5/config
> 
CMD: telemetry /etc/satellite_5/auth_status
Querying telemetry for: /etc/satellite_5/auth_status
> 
CMD: calculate /etc/satellite_5/config+0
Result: > 
CMD: calculate /etc/satellite_5/auth_status+0
Result: > 
CMD: calculate auth_status+0
Result: > 
CMD: telemetry /etc/satellite_6
Querying telemetry for: /etc/satellite_6
> 
CMD: telemetry /etc/satellite_6/config
Querying telemetry for: /etc/satellite_6/config
> 
CMD: telemetry /etc/satellite_6/auth_status
Querying telemetry for: /etc/satellite_6/auth_status
> 
CMD: calculate /etc/satellite_6/config+0
Result: > 
CMD: calculate /etc/satellite_6/auth_status+0
Result: > 
CMD: calculate auth_status+0
Result: > 
CMD: telemetry /etc/satellite_7
Querying telemetry for: /etc/satellite_7
> 
CMD: telemetry /etc/satellite_7/config
Querying telemetry for: /etc/satellite_7/config
> 
CMD: telemetry /etc/satellite_7/auth_status
Querying telemetry for: /etc/satellite_7/auth_status
> 
CMD: calculate /etc/satellite_7/config+0
Result: > 
CMD: calculate /etc/satellite_7/auth_status+0
Result: > 
CMD: calculate auth_status+0
Result: > 
CMD: telemetry /etc/satellite_8
Querying telemetry for: /etc/satellite_8
> 
CMD: telemetry /etc/satellite_8/config
Querying telemetry for: /etc/satellite_8/config
> 
CMD: telemetry /etc/satellite_8/auth_status
Querying telemetry for: /etc/satellite_8/auth_status
> 
CMD: calculate /etc/satellite_8/config+0
Result: > 
CMD: calculate /etc/satellite_8/auth_status+0
Result: > 
CMD: calculate auth_status+0
Result: > 
CMD: telemetry /etc/satellite_9
Querying telemetry for: /etc/satellite_9
> 
CMD: telemetry /etc/satellite_9/config
Querying telemetry for: /etc/satellite_9/config
> 
CMD: telemetry /etc/satellite_9/auth_status
Querying telemetry for: /etc/satellite_9/auth_status
> 
CMD: calculate /etc/satellite_9/config+0
Result: > 
CMD: calculate /etc/satellite_9/auth_status+0
Result: > 
CMD: calculate auth_status+0
Result: > 
CMD: telemetry /etc/satellite_10
Querying telemetry for: /etc/satellite_10
> 
CMD: telemetry /etc/satellite_10/config
Querying telemetry for: /etc/satellite_10/config
> 
CMD: telemetry /etc/satellite_10/auth_status
Querying telemetry for: /etc/satellite_10/auth_status
> 
CMD: calculate /etc/satellite_10/config+0
Result: > 
CMD: calculate /etc/satellite_10/auth_status+0
Result: > 
CMD: calculate auth_status+0
Result: > 
CMD: telemetry /etc/satellite_11
Querying telemetry for: /etc/satellite_11
> 
CMD: telemetry /etc/satellite_11/config
Querying telemetry for: /etc/satellite_11/config
> 
CMD: telemetry /etc/satellite_11/auth_status
Querying telemetry for: /etc/satellite_11/auth_status
> 
CMD: calculate /etc/satellite_11/config+0
Result: > 
CMD: calculate /etc/satellite_11/auth_status+0
Result: > 
CMD: calculate auth_status+0
Result: > 
CMD: telemetry /etc/satellite_12
Querying telemetry for: /etc/satellite_12
> 
CMD: telemetry /etc/satellite_12/config
Querying telemetry for: /etc/satellite_12/config
> 
CMD: telemetry /etc/satellite_12/auth_status
Querying telemetry for: /etc/satellite_12/auth_status
> 
CMD: calculate /etc/satellite_12/config+0
Result: > 
CMD: calculate /etc/satellite_12/auth_status+0
Result: > 
CMD: calculate auth_status+0
Result: > 
CMD: telemetry /etc/satellite_13
Querying telemetry for: /etc/satellite_13
> 
CMD: telemetry /etc/satellite_13/config
Querying telemetry for: /etc/satellite_13/config
> 
CMD: telemetry /etc/satellite_13/auth_status
Querying telemetry for: /etc/satellite_13/auth_status
> 
CMD: calculate /etc/satellite_13/config+0
Result: > 
CMD: calculate /etc/satellite_13/auth_status+0
Result: > 
CMD: calculate auth_status+0
Result: > 
CMD: telemetry /etc/satellite_14
Querying telemetry for: /etc/satellite_14
> 
CMD: telemetry /etc/satellite_14/config
Querying telemetry for: /etc/satellite_14/config
> 
CMD: telemetry /etc/satellite_14/auth_status
Querying telemetry for: /etc/satellite_14/auth_status
> 
CMD: calculate /etc/satellite_14/config+0
Result: > 
CMD: calculate /etc/satellite_14/auth_status+0
Result: > 
CMD: calculate auth_status+0
Result: > 
CMD: telemetry /etc/satellite_15
Querying telemetry for: /etc/satellite_15
> 
CMD: telemetry /etc/satellite_15/config
Querying telemetry for: /etc/satellite_15/config
> 
CMD: telemetry /etc/satellite_15/auth_status
Querying telemetry for: /etc/satellite_15/auth_status
> 
CMD: calculate /etc/satellite_15/config+0
Result: > 
CMD: calculate /etc/satellite_15/auth_status+0
Result: > 
CMD: calculate auth_status+0
Result: > 
CMD: telemetry /etc/satellite_16
Querying telemetry for: /etc/satellite_16
> 
CMD: telemetry /etc/satellite_16/config
Querying telemetry for: /etc/satellite_16/config
> 
CMD: telemetry /etc/satellite_16/auth_status
Querying telemetry for: /etc/satellite_16/auth_status
> 
CMD: calculate /etc/satellite_16/config+0
Result: > 
CMD: calculate /etc/satellite_16/auth_status+0
Result: > 
CMD: calculate auth_status+0
Result: > 
CMD: telemetry /etc/satellite_17
Querying telemetry for: /etc/satellite_17
> 
CMD: telemetry /etc/satellite_17/config
Querying telemetry for: /etc/satellite_17/config
> 
CMD: telemetry /etc/satellite_17/auth_status
Querying telemetry for: /etc/satellite_17/auth_status
> 
CMD: calculate /etc/satellite_17/config+0
Result: > 
CMD: calculate /etc/satellite_17/auth_status+0
Result: > 
CMD: calculate auth_status+0
Result: > 
CMD: telemetry /etc/satellite_18
Querying telemetry for: /etc/satellite_18
> 
CMD: telemetry /etc/satellite_18/config
Querying telemetry for: /etc/satellite_18/config
> 
CMD: telemetry /etc/satellite_18/auth_status
Querying telemetry for: /etc/satellite_18/auth_status
> 
CMD: calculate /etc/satellite_18/config+0
Result: > 
CMD: calculate /etc/satellite_18/auth_status+0
Result: > 
CMD: calculate auth_status+0
Result: > 
CMD: telemetry /etc/satellite_19
Querying telemetry for: /etc/satellite_19
> 
CMD: telemetry /etc/satellite_19/config
Querying telemetry for: /etc/satellite_19/config
> 
CMD: telemetry /etc/satellite_19/auth_status
Querying telemetry for: /etc/satellite_19/auth_status
> 
CMD: calculate /etc/satellite_19/config+0
Result: > 
CMD: calculate /etc/satellite_19/auth_status+0
Result: > 
CMD: calculate auth_status+0
Result: > 
CMD: telemetry /etc/satellite_20
Querying telemetry for: /etc/satellite_20
> 
CMD: telemetry /etc/satellite_20/config
Querying telemetry for: /etc/satellite_20/config
> 
CMD: telemetry /etc/satellite_20/auth_status
Querying telemetry for: /etc/satellite_20/auth_status
> 
CMD: calculate /etc/satellite_20/config+0
Result: > 
CMD: calculate /etc/satellite_20/auth_status+0
Result: > 
CMD: calculate auth_status+0
Result: > 
CMD: telemetry /etc/satellite_21
Querying telemetry for: /etc/satellite_21
> 
CMD: telemetry /etc/satellite_21/config
Querying telemetry for: /etc/satellite_21/config
> 
CMD: telemetry /etc/satellite_21/auth_status
Querying telemetry for: /etc/satellite_21/auth_status
> 
CMD: calculate /etc/satellite_21/config+0
Result: > 
CMD: calculate /etc/satellite_21/auth_status+0
Result: > 
CMD: calculate auth_status+0
Result: > 
CMD: telemetry /etc/satellite_22
Querying telemetry for: /etc/satellite_22
> 
CMD: telemetry /etc/satellite_22/config
Querying telemetry for: /etc/satellite_22/config
> 
CMD: telemetry /etc/satellite_22/auth_status
Querying telemetry for: /etc/satellite_22/auth_status
> 
CMD: calculate /etc/satellite_22/config+0
Result: > 
CMD: calculate /etc/satellite_22/auth_status+0
Result: > 
CMD: calculate auth_status+0
Result: > 
CMD: telemetry /etc/satellite_23
Querying telemetry for: /etc/satellite_23
> 
CMD: telemetry /etc/satellite_23/config
Querying telemetry for: /etc/satellite_23/config
> 
CMD: telemetry /etc/satellite_23/auth_status
Querying telemetry for: /etc/satellite_23/auth_status
> 
CMD: calculate /etc/satellite_23/config+0
Result: > 
CMD: calculate /etc/satellite_23/auth_status+0
Result: > 
CMD: calculate auth_status+0
Result: > 
CMD: telemetry /etc/satellite_24
Querying telemetry for: /etc/satellite_24
> 
CMD: telemetry /etc/satellite_24/config
Querying telemetry for: /etc/satellite_24/config
> 
CMD: telemetry /etc/satellite_24/auth_status
Querying telemetry for: /etc/satellite_24/auth_status
> 
CMD: calculate /etc/satellite_24/config+0
Result: > 
CMD: calculate /etc/satellite_24/auth_status+0
Result: > 
CMD: calculate auth_status+0
Result: > 
CMD: telemetry /etc/satellite_25
Querying telemetry for: /etc/satellite_25
> 
CMD: telemetry /etc/satellite_25/config
Querying telemetry for: /etc/satellite_25/config
> 
CMD: telemetry /etc/satellite_25/auth_status
Querying telemetry for: /etc/satellite_25/auth_status
> 
CMD: calculate /etc/satellite_25/config+0
Result: > 
CMD: calculate /etc/satellite_25/auth_status+0
Result: > 
CMD: calculate auth_status+0
Result: > 
CMD: telemetry /etc/satellite_26
Querying telemetry for: /etc/satellite_26
> 
CMD: telemetry /etc/satellite_26/config
Querying telemetry for: /etc/satellite_26/config
> 
CMD: telemetry /etc/satellite_26/auth_status
Querying telemetry for: /etc/satellite_26/auth_status
> 
CMD: calculate /etc/satellite_26/config+0
Result: > 
CMD: calculate /etc/satellite_26/auth_status+0
Result: > 
CMD: calculate auth_status+0
Result: > 
CMD: telemetry /etc/satellite_27
Querying telemetry for: /etc/satellite_27
> 
CMD: telemetry /etc/satellite_27/config
Querying telemetry for: /etc/satellite_27/config
> 
CMD: telemetry /etc/satellite_27/auth_status
Querying telemetry for: /etc/satellite_27/auth_status
> 
CMD: calculate /etc/satellite_27/config+0
Result: > 
CMD: calculate /etc/satellite_27/auth_status+0
Result: > 
CMD: calculate auth_status+0
Result: > 
CMD: telemetry /etc/satellite_28
Querying telemetry for: /etc/satellite_28
> 
CMD: telemetry /etc/satellite_28/config
Querying telemetry for: /etc/satellite_28/config
> 
CMD: telemetry /etc/satellite_28/auth_status
Querying telemetry for: /etc/satellite_28/auth_status
> 
CMD: calculate /etc/satellite_28/config+0
Result: > 
CMD: calculate /etc/satellite_28/auth_status+0
Result: > 
CMD: calculate auth_status+0
Result: > 
CMD: telemetry /etc/satellite_29
Querying telemetry for: /etc/satellite_29
> 
CMD: telemetry /etc/satellite_29/config
Querying telemetry for: /etc/satellite_29/config
> 
CMD: telemetry /etc/satellite_29/auth_status
Querying telemetry for: /etc/satellite_29/auth_status
> 
CMD: calculate /etc/satellite_29/config+0
Result: > 
CMD: calculate /etc/satellite_29/auth_status+0
Result: > 
CMD: calculate auth_status+0
Result: > 
CMD: telemetry /etc/satellite_30
Querying telemetry for: /etc/satellite_30
> 
CMD: telemetry /etc/satellite_30/config
Querying telemetry for: /etc/satellite_30/config
> 
CMD: telemetry /etc/satellite_30/auth_status
Querying telemetry for: /etc/satellite_30/auth_status
> 
CMD: calculate /etc/satellite_30/config+0
Result: > 
CMD: calculate /etc/satellite_30/auth_status+0
Result: > 
CMD: calculate config+0
Result: > 
CMD: telemetry /etc/satellite_0
Querying telemetry for: /etc/satellite_0
> 
CMD: telemetry /etc/satellite_0/config
Querying telemetry for: /etc/satellite_0/config
> 
CMD: telemetry /etc/satellite_0/auth_status
Querying telemetry for: /etc/satellite_0/auth_status
> 
CMD: calculate /etc/satellite_0/config+0
Result: > 
CMD: calculate /etc/satellite_0/auth_status+0
Result: > 
CMD: calculate config+0
Result: > 
CMD: telemetry /etc/satellite_1
Querying telemetry for: /etc/satellite_1
> 
CMD: telemetry /etc/satellite_1/config
Querying telemetry for: /etc/satellite_1/config
> 
CMD: telemetry /etc/satellite_1/auth_status
Querying telemetry for: /etc/satellite_1/auth_status
> 
CMD: calculate /etc/satellite_1/config+0
Result: > 
CMD: calculate /etc/satellite_1/auth_status+0
Result: > 
CMD: calculate config+0
Result: > 
CMD: telemetry /etc/satellite_2
Querying telemetry for: /etc/satellite_2
> 
CMD: telemetry /etc/satellite_2/config
Querying telemetry for: /etc/satellite_2/config
> 
CMD: telemetry /etc/satellite_2/auth_status
Querying telemetry for: /etc/satellite_2/auth_status
> 
CMD: calculate /etc/satellite_2/config+0
Result: > 
CMD: calculate /etc/satellite_2/auth_status+0
Result: > 
CMD: calculate config+0
Result: > 
CMD: telemetry /etc/satellite_3
Querying telemetry for: /etc/satellite_3
> 
CMD: telemetry /etc/satellite_3/config
Querying telemetry for: /etc/satellite_3/config
> 
CMD: telemetry /etc/satellite_3/auth_status
Querying telemetry for: /etc/satellite_3/auth_status
> 
CMD: calculate /etc/satellite_3/config+0
Result: > 
CMD: calculate /etc/satellite_3/auth_status+0
Result: > 
CMD: calculate config+0
Result: > 
CMD: telemetry /etc/satellite_4
Querying telemetry for: /etc/satellite_4
> 
CMD: telemetry /etc/satellite_4/config
Querying telemetry for: /etc/satellite_4/config
> 
CMD: telemetry /etc/satellite_4/auth_status
Querying telemetry for: /etc/satellite_4/auth_status
> 
CMD: calculate /etc/satellite_4/config+0
Result: > 
CMD: calculate /etc/satellite_4/auth_status+0
Result: > 
CMD: calculate config+0
Result: > 
CMD: telemetry /etc/satellite_5
Querying telemetry for: /etc/satellite_5
> 
CMD: telemetry /etc/satellite_5/config
Querying telemetry for: /etc/satellite_5/config
> 
CMD: telemetry /etc/satellite_5/auth_status
Querying telemetry for: /etc/satellite_5/auth_status
> 
CMD: calculate /etc/satellite_5/config+0
Result: > 
CMD: calculate /etc/satellite_5/auth_status+0
Result: > 
CMD: calculate config+0
Result: > 
CMD: telemetry /etc/satellite_6
Querying telemetry for: /etc/satellite_6
> 
CMD: telemetry /etc/satellite_6/config
Querying telemetry for: /etc/satellite_6/config
> 
CMD: telemetry /etc/satellite_6/auth_status
Querying telemetry for: /etc/satellite_6/auth_status
> 
CMD: calculate /etc/satellite_6/config+0
Result: > 
CMD: calculate /etc/satellite_6/auth_status+0
Result: > 
CMD: calculate config+0
Result: > 
CMD: telemetry /etc/satellite_7
Querying telemetry for: /etc/satellite_7
> 
CMD: telemetry /etc/satellite_7/config
Querying telemetry for: /etc/satellite_7/config
> 
CMD: telemetry /etc/satellite_7/auth_status
Querying telemetry for: /etc/satellite_7/auth_status
> 
CMD: calculate /etc/satellite_7/config+0
Result: > 
CMD: calculate /etc/satellite_7/auth_status+0
Result: > 
CMD: calculate config+0
Result: > 
CMD: telemetry /etc/satellite_8
Querying telemetry for: /etc/satellite_8
> 
CMD: telemetry /etc/satellite_8/config
Querying telemetry for: /etc/satellite_8/config
> 
CMD: telemetry /etc/satellite_8/auth_status
Querying telemetry for: /etc/satellite_8/auth_status
> 
CMD: calculate /etc/satellite_8/config+0
Result: > 
CMD: calculate /etc/satellite_8/auth_status+0
Result: > 
CMD: calculate config+0
Result: > 
CMD: telemetry /etc/satellite_9
Querying telemetry for: /etc/satellite_9
> 
CMD: telemetry /etc/satellite_9/config
Querying telemetry for: /etc/satellite_9/config
> 
CMD: telemetry /etc/satellite_9/auth_status
Querying telemetry for: /etc/satellite_9/auth_status
> 
CMD: calculate /etc/satellite_9/config+0
Result: > 
CMD: calculate /etc/satellite_9/auth_status+0
Result: > 
CMD: calculate config+0
Result: > 
CMD: telemetry /etc/satellite_10
Querying telemetry for: /etc/satellite_10
> 
CMD: telemetry /etc/satellite_10/config
Querying telemetry for: /etc/satellite_10/config
> 
CMD: telemetry /etc/satellite_10/auth_status
Querying telemetry for: /etc/satellite_10/auth_status
> 
CMD: calculate /etc/satellite_10/config+0
Result: > 
CMD: calculate /etc/satellite_10/auth_status+0
Result: > 
CMD: calculate config+0
Result: > 
CMD: telemetry /etc/satellite_11
Querying telemetry for: /etc/satellite_11
> 
CMD: telemetry /etc/satellite_11/config
Querying telemetry for: /etc/satellite_11/config
> 
CMD: telemetry /etc/satellite_11/auth_status
Querying telemetry for: /etc/satellite_11/auth_status
> 
CMD: calculate /etc/satellite_11/config+0
Result: > 
CMD: calculate /etc/satellite_11/auth_status+0
Result: > 
CMD: calculate config+0
Result: > 
CMD: telemetry /etc/satellite_12
Querying telemetry for: /etc/satellite_12
> 
CMD: telemetry /etc/satellite_12/config
Querying telemetry for: /etc/satellite_12/config
> 
CMD: telemetry /etc/satellite_12/auth_status
Querying telemetry for: /etc/satellite_12/auth_status
> 
CMD: calculate /etc/satellite_12/config+0
Result: > 
CMD: calculate /etc/satellite_12/auth_status+0
Result: > 
CMD: calculate config+0
Result: > 
CMD: telemetry /etc/satellite_13
Querying telemetry for: /etc/satellite_13
> 
CMD: telemetry /etc/satellite_13/config
Querying telemetry for: /etc/satellite_13/config
> 
CMD: telemetry /etc/satellite_13/auth_status
Querying telemetry for: /etc/satellite_13/auth_status
> 
CMD: calculate /etc/satellite_13/config+0
Result: > 
CMD: calculate /etc/satellite_13/auth_status+0
Result: > 
CMD: calculate config+0
Result: > 
CMD: telemetry /etc/satellite_14
Querying telemetry for: /etc/satellite_14
> 
CMD: telemetry /etc/satellite_14/config
Querying telemetry for: /etc/satellite_14/config
> 
CMD: telemetry /etc/satellite_14/auth_status
Querying telemetry for: /etc/satellite_14/auth_status
> 
CMD: calculate /etc/satellite_14/config+0
Result: > 
CMD: calculate /etc/satellite_14/auth_status+0
Result: > 
CMD: calculate config+0
Result: > 
CMD: telemetry /etc/satellite_15
Querying telemetry for: /etc/satellite_15
> 
CMD: telemetry /etc/satellite_15/config
Querying telemetry for: /etc/satellite_15/config
> 
CMD: telemetry /etc/satellite_15/auth_status
Querying telemetry for: /etc/satellite_15/auth_status
> 
CMD: calculate /etc/satellite_15/config+0
Result: > 
CMD: calculate /etc/satellite_15/auth_status+0
Result: > 
CMD: calculate config+0
Result: > 
CMD: telemetry /etc/satellite_16
Querying telemetry for: /etc/satellite_16
> 
CMD: telemetry /etc/satellite_16/config
Querying telemetry for: /etc/satellite_16/config
> 
CMD: telemetry /etc/satellite_16/auth_status
Querying telemetry for: /etc/satellite_16/auth_status
> 
CMD: calculate /etc/satellite_16/config+0
Result: > 
CMD: calculate /etc/satellite_16/auth_status+0
Result: > 
CMD: calculate config+0
Result: > 
CMD: telemetry /etc/satellite_17
Querying telemetry for: /etc/satellite_17
> 
CMD: telemetry /etc/satellite_17/config
Querying telemetry for: /etc/satellite_17/config
> 
CMD: telemetry /etc/satellite_17/auth_status
Querying telemetry for: /etc/satellite_17/auth_status
> 
CMD: calculate /etc/satellite_17/config+0
Result: > 
CMD: calculate /etc/satellite_17/auth_status+0
Result: > 
CMD: calculate config+0
Result: > 
CMD: telemetry /etc/satellite_18
Querying telemetry for: /etc/satellite_18
> 
CMD: telemetry /etc/satellite_18/config
Querying telemetry for: /etc/satellite_18/config
> 
CMD: telemetry /etc/satellite_18/auth_status
Querying telemetry for: /etc/satellite_18/auth_status
> 
CMD: calculate /etc/satellite_18/config+0
Result: > 
CMD: calculate /etc/satellite_18/auth_status+0
Result: > 
CMD: calculate config+0
Result: > 
CMD: telemetry /etc/satellite_19
Querying telemetry for: /etc/satellite_19
> 
CMD: telemetry /etc/satellite_19/config
Querying telemetry for: /etc/satellite_19/config
> 
CMD: telemetry /etc/satellite_19/auth_status
Querying telemetry for: /etc/satellite_19/auth_status
> 
CMD: calculate /etc/satellite_19/config+0
Result: > 
CMD: calculate /etc/satellite_19/auth_status+0
Result: > 
CMD: calculate config+0
Result: > 
CMD: telemetry /etc/satellite_20
Querying telemetry for: /etc/satellite_20
> 
CMD: telemetry /etc/satellite_20/config
Querying telemetry for: /etc/satellite_20/config
> 
CMD: telemetry /etc/satellite_20/auth_status
Querying telemetry for: /etc/satellite_20/auth_status
> 
CMD: calculate /etc/satellite_20/config+0
Result: > 
CMD: calculate /etc/satellite_20/auth_status+0
Result: > 
CMD: calculate config+0
Result: > 
CMD: telemetry /etc/satellite_21
Querying telemetry for: /etc/satellite_21
> 
CMD: telemetry /etc/satellite_21/config
Querying telemetry for: /etc/satellite_21/config
> 
CMD: telemetry /etc/satellite_21/auth_status
Querying telemetry for: /etc/satellite_21/auth_status
> 
CMD: calculate /etc/satellite_21/config+0
Result: > 
CMD: calculate /etc/satellite_21/auth_status+0
Result: > 
CMD: calculate config+0
Result: > 
CMD: telemetry /etc/satellite_22
Querying telemetry for: /etc/satellite_22
> 
CMD: telemetry /etc/satellite_22/config
Querying telemetry for: /etc/satellite_22/config
> 
CMD: telemetry /etc/satellite_22/auth_status
Querying telemetry for: /etc/satellite_22/auth_status
> 
CMD: calculate /etc/satellite_22/config+0
Result: > 
CMD: calculate /etc/satellite_22/auth_status+0
Result: > 
CMD: calculate config+0
Result: > 
CMD: telemetry /etc/satellite_23
Querying telemetry for: /etc/satellite_23
> 
CMD: telemetry /etc/satellite_23/config
Querying telemetry for: /etc/satellite_23/config
> 
CMD: telemetry /etc/satellite_23/auth_status
Querying telemetry for: /etc/satellite_23/auth_status
> 
CMD: calculate /etc/satellite_23/config+0
Result: > 
CMD: calculate /etc/satellite_23/auth_status+0
Result: > 
CMD: calculate config+0
Result: > 
CMD: telemetry /etc/satellite_24
Querying telemetry for: /etc/satellite_24
> 
CMD: telemetry /etc/satellite_24/config
Querying telemetry for: /etc/satellite_24/config
> 
CMD: telemetry /etc/satellite_24/auth_status
Querying telemetry for: /etc/satellite_24/auth_status
> 
CMD: calculate /etc/satellite_24/config+0
Result: > 
CMD: calculate /etc/satellite_24/auth_status+0
Result: > 
CMD: calculate config+0
Result: > 
CMD: telemetry /etc/satellite_25
Querying telemetry for: /etc/satellite_25
> 
CMD: telemetry /etc/satellite_25/config
Querying telemetry for: /etc/satellite_25/config
> 
CMD: telemetry /etc/satellite_25/auth_status
Querying telemetry for: /etc/satellite_25/auth_status
> 
CMD: calculate /etc/satellite_25/config+0
Result: > 
CMD: calculate /etc/satellite_25/auth_status+0
Result: > 
CMD: calculate config+0
Result: > 
CMD: telemetry /etc/satellite_26
Querying telemetry for: /etc/satellite_26
> 
CMD: telemetry /etc/satellite_26/config
Querying telemetry for: /etc/satellite_26/config
> 
CMD: telemetry /etc/satellite_26/auth_status
Querying telemetry for: /etc/satellite_26/auth_status
> 
CMD: calculate /etc/satellite_26/config+0
Result: > 
CMD: calculate /etc/satellite_26/auth_status+0
Result: > 
CMD: calculate config+0
Result: > 
CMD: telemetry /etc/satellite_27
Querying telemetry for: /etc/satellite_27
> 
CMD: telemetry /etc/satellite_27/config
Querying telemetry for: /etc/satellite_27/config
> 
CMD: telemetry /etc/satellite_27/auth_status
Querying telemetry for: /etc/satellite_27/auth_status
> 
CMD: calculate /etc/satellite_27/config+0
Result: > 
CMD: calculate /etc/satellite_27/auth_status+0
Result: > 
CMD: calculate config+0
Result: > 
CMD: telemetry /etc/satellite_28
Querying telemetry for: /etc/satellite_28
> 
CMD: telemetry /etc/satellite_28/config
Querying telemetry for: /etc/satellite_28/config
> 
CMD: telemetry /etc/satellite_28/auth_status
Querying telemetry for: /etc/satellite_28/auth_status
> 
CMD: calculate /etc/satellite_28/config+0
Result: > 
CMD: calculate /etc/satellite_28/auth_status+0
Result: > 
CMD: calculate config+0
Result: > 
CMD: telemetry /etc/satellite_29
Querying telemetry for: /etc/satellite_29
> 
CMD: telemetry /etc/satellite_29/config
Querying telemetry for: /etc/satellite_29/config
> 
CMD: telemetry /etc/satellite_29/auth_status
Querying telemetry for: /etc/satellite_29/auth_status
> 
CMD: calculate /etc/satellite_29/config+0
Result: > 
CMD: calculate /etc/satellite_29/auth_status+0
Result: > 
CMD: calculate config+0
Result: > 
CMD: telemetry /etc/satellite_30
Querying telemetry for: /etc/satellite_30
> 
CMD: telemetry /etc/satellite_30/config
Querying telemetry for: /etc/satellite_30/config
> 
CMD: telemetry /etc/satellite_30/auth_status
Querying telemetry for: /etc/satellite_30/auth_status
> 
CMD: calculate /etc/satellite_30/config+0
Result: > 
CMD: calculate /etc/satellite_30/auth_status+0
Result: > 
CMD: calculate (config)+0
Result: > 
CMD: calculate config*1
Result: > 
CMD: calculate config-0
Result: > 
CMD: calculate config/1
Result: > 
CMD: calculate config+0.0
Result: > 
CMD: quit
Disconnecting from flight software...

